▲ Next.js 16.2.5 (Turbopack)
- Local:         http://localhost:3001
- Network:       http://26.119.234.12:3001
- Environments: .env.local
✓ Ready in 1049ms

○ Compiling /_not-found/page ...
🌐 i18next is made possible by our own product, Locize — consider powering your project with managed localization (AI, CDN, integrations): https://locize.com 💙
 GET /app/roadmap 404 in 10.6s (next.js: 9.5s, proxy.ts: 544ms, application-code: 554ms)
 GET /app/sign-in 200 in 3.7s (next.js: 3.4s, proxy.ts: 21ms, application-code: 209ms)
 GET /app/sign-in 200 in 367ms (next.js: 41ms, proxy.ts: 14ms, application-code: 312ms)
○ Compiling /app ...
[Sidebar] Render - side: left state: expanded openMobile: false
 GET /app 200 in 11.8s (next.js: 8.2s, proxy.ts: 1174ms, application-code: 2.5s)
○ Compiling /api/admin/me ...
 GET /api/admin/me 200 in 7.9s (next.js: 5.6s, proxy.ts: 771ms, application-code: 1492ms)
 GET /api/billing/me 200 in 9.0s (next.js: 5.3s, proxy.ts: 543ms, application-code: 3.2s)
 GET /api/admin/me 200 in 1562ms (next.js: 153ms, proxy.ts: 823ms, application-code: 585ms)
 GET /api/ai/usage-summary 200 in 9.1s (next.js: 5.7s, proxy.ts: 431ms, application-code: 3.0s)
 GET /api/billing/me 200 in 9.4s (next.js: 5.3s, proxy.ts: 541ms, application-code: 3.5s)
 GET /api/chats 200 in 9.2s (next.js: 4.9s, proxy.ts: 337ms, application-code: 4.0s)
 GET /api/plans 200 in 9.2s (next.js: 5.9s, proxy.ts: 293ms, application-code: 3.0s)
 GET /api/billing/me 200 in 1050ms (next.js: 18ms, proxy.ts: 129ms, application-code: 902ms)
 GET /api/ai/usage-summary 200 in 1642ms (next.js: 17ms, proxy.ts: 263ms, application-code: 1363ms)
 GET /api/billing/me 200 in 1727ms (next.js: 33ms, proxy.ts: 67ms, application-code: 1627ms)
 GET /api/plans 200 in 1449ms (next.js: 293ms, proxy.ts: 104ms, application-code: 1051ms)
 GET /api/chats 200 in 1576ms (next.js: 170ms, proxy.ts: 41ms, application-code: 1366ms)
○ Compiling /app/roadmap ...
 GET /app/roadmap 200 in 6.1s (next.js: 5.6s, proxy.ts: 47ms, application-code: 470ms)
 GET /app/roadmap 200 in 284ms (next.js: 52ms, proxy.ts: 38ms, application-code: 195ms)
✓ Compiled in 3.1s
✓ Compiled in 840ms
 GET /app/roadmap 200 in 5.2s (next.js: 937ms, proxy.ts: 3.4s, application-code: 862ms)
 GET /api/admin/me 200 in 3.3s (next.js: 953ms, proxy.ts: 1690ms, application-code: 692ms)
 GET /api/billing/me 200 in 3.4s (next.js: 834ms, proxy.ts: 1638ms, application-code: 932ms)
 GET /api/admin/me 200 in 108ms (next.js: 6ms, proxy.ts: 32ms, application-code: 71ms)
 GET /api/plans 200 in 3.5s (next.js: 95ms, proxy.ts: 2.6s, application-code: 751ms)
 GET /api/ai/usage-summary 200 in 3.6s (next.js: 177ms, proxy.ts: 2.6s, application-code: 783ms)
 GET /api/billing/me 200 in 3.6s (next.js: 195ms, proxy.ts: 2.6s, application-code: 791ms)
 GET /api/admin/me 200 in 127ms (next.js: 17ms, proxy.ts: 22ms, application-code: 89ms)
 GET /api/chats 200 in 725ms (next.js: 60ms, proxy.ts: 26ms, application-code: 639ms)
 GET /api/billing/me 200 in 462ms (next.js: 8ms, proxy.ts: 16ms, application-code: 438ms)
 GET /api/billing/me 200 in 505ms (next.js: 6ms, proxy.ts: 9ms, application-code: 489ms)
 GET /api/ai/usage-summary 200 in 435ms (next.js: 6ms, proxy.ts: 14ms, application-code: 414ms)
 GET /api/admin/me 200 in 197ms (next.js: 26ms, proxy.ts: 59ms, application-code: 111ms)
 GET /api/billing/me 200 in 578ms (next.js: 62ms, proxy.ts: 20ms, application-code: 497ms)
 GET /api/ai/usage-summary 200 in 437ms (next.js: 7ms, proxy.ts: 24ms, application-code: 406ms)
 GET /api/billing/me 200 in 563ms (next.js: 8ms, proxy.ts: 14ms, application-code: 541ms)
 GET /app/roadmap 200 in 222ms (next.js: 18ms, proxy.ts: 25ms, application-code: 178ms)
 GET /app/roadmap 200 in 92ms (next.js: 8ms, proxy.ts: 19ms, application-code: 64ms)
 GET /api/billing/me 200 in 692ms (next.js: 41ms, proxy.ts: 57ms, application-code: 594ms)
 GET /api/billing/me 200 in 694ms (next.js: 60ms, proxy.ts: 58ms, application-code: 576ms)
 GET /api/ai/usage-summary 200 in 602ms (next.js: 7ms, proxy.ts: 14ms, application-code: 580ms)
 GET /app/roadmap 200 in 363ms (next.js: 8ms, proxy.ts: 21ms, application-code: 334ms)
 GET /app/roadmap 200 in 343ms (next.js: 9ms, proxy.ts: 14ms, application-code: 320ms)
 GET /api/plans 200 in 732ms (next.js: 18ms, proxy.ts: 128ms, application-code: 586ms)
 GET /app/roadmap 200 in 338ms (next.js: 16ms, proxy.ts: 26ms, application-code: 296ms)
 GET /api/chats 200 in 720ms (next.js: 30ms, proxy.ts: 30ms, application-code: 659ms)
 GET /app/roadmap 200 in 395ms (next.js: 67ms, proxy.ts: 21ms, application-code: 307ms)
 GET /app/roadmap 200 in 453ms (next.js: 10ms, proxy.ts: 12ms, application-code: 431ms)
 GET /app/roadmap 200 in 383ms (next.js: 13ms, proxy.ts: 21ms, application-code: 348ms)
 GET /app/roadmap 200 in 387ms (next.js: 71ms, proxy.ts: 21ms, application-code: 295ms)
 GET /app/roadmap 200 in 378ms (next.js: 15ms, proxy.ts: 27ms, application-code: 336ms)
 GET /app/roadmap 200 in 384ms (next.js: 65ms, proxy.ts: 28ms, application-code: 292ms)
 GET /app/roadmap 200 in 431ms (next.js: 83ms, proxy.ts: 67ms, application-code: 281ms)
 GET /app/roadmap 200 in 440ms (next.js: 16ms, proxy.ts: 19ms, application-code: 405ms)
 GET /app/roadmap 200 in 432ms (next.js: 13ms, proxy.ts: 69ms, application-code: 350ms)
 GET /app/roadmap 200 in 442ms (next.js: 69ms, proxy.ts: 69ms, application-code: 304ms)
 GET /app/roadmap 200 in 421ms (next.js: 16ms, proxy.ts: 83ms, application-code: 322ms)
 GET /app/roadmap 200 in 445ms (next.js: 73ms, proxy.ts: 31ms, application-code: 341ms)
 GET /app/roadmap 200 in 514ms (next.js: 64ms, proxy.ts: 74ms, application-code: 376ms)
 GET /app/roadmap 200 in 519ms (next.js: 37ms, proxy.ts: 22ms, application-code: 460ms)
 GET /app/roadmap 200 in 507ms (next.js: 28ms, proxy.ts: 94ms, application-code: 385ms)
 GET /app/roadmap 200 in 515ms (next.js: 28ms, proxy.ts: 152ms, application-code: 335ms)
 GET /app/roadmap 200 in 430ms (next.js: 18ms, proxy.ts: 106ms, application-code: 306ms)
 GET /app/roadmap 200 in 415ms (next.js: 21ms, proxy.ts: 74ms, application-code: 320ms)
 GET /app/roadmap 200 in 469ms (next.js: 65ms, proxy.ts: 75ms, application-code: 329ms)
 GET /app/roadmap 200 in 486ms (next.js: 28ms, proxy.ts: 36ms, application-code: 423ms)
 GET /app/roadmap 200 in 464ms (next.js: 19ms, proxy.ts: 76ms, application-code: 369ms)
 GET /app/roadmap 200 in 454ms (next.js: 40ms, proxy.ts: 126ms, application-code: 288ms)
 GET /app/roadmap 200 in 459ms (next.js: 25ms, proxy.ts: 133ms, application-code: 301ms)
 GET /app/roadmap 200 in 397ms (next.js: 30ms, proxy.ts: 127ms, application-code: 240ms)
 GET /app/roadmap 200 in 446ms (next.js: 20ms, proxy.ts: 134ms, application-code: 291ms)
 GET /app/roadmap 200 in 445ms (next.js: 35ms, proxy.ts: 15ms, application-code: 395ms)
 GET /app/roadmap 200 in 441ms (next.js: 22ms, proxy.ts: 88ms, application-code: 331ms)
 GET /app/roadmap 200 in 423ms (next.js: 71ms, proxy.ts: 81ms, application-code: 271ms)
 GET /app/roadmap 200 in 364ms (next.js: 22ms, proxy.ts: 124ms, application-code: 217ms)
 GET /app/roadmap 200 in 307ms (next.js: 76ms, proxy.ts: 78ms, application-code: 154ms)
 GET /app/roadmap 200 in 376ms (next.js: 12ms, proxy.ts: 128ms, application-code: 236ms)
 GET /app/roadmap 200 in 575ms (next.js: 19ms, proxy.ts: 17ms, application-code: 539ms)
 GET /app/roadmap 200 in 579ms (next.js: 27ms, proxy.ts: 79ms, application-code: 472ms)
 GET /app/roadmap 200 in 543ms (next.js: 73ms, proxy.ts: 91ms, application-code: 379ms)
 GET /app/roadmap 200 in 606ms (next.js: 87ms, proxy.ts: 88ms, application-code: 432ms)
 GET /app/roadmap 200 in 541ms (next.js: 115ms, proxy.ts: 87ms, application-code: 339ms)
 GET /app/roadmap 200 in 620ms (next.js: 25ms, proxy.ts: 178ms, application-code: 417ms)
 GET /app/roadmap 200 in 650ms (next.js: 94ms, proxy.ts: 41ms, application-code: 514ms)
 GET /app/roadmap 200 in 634ms (next.js: 134ms, proxy.ts: 89ms, application-code: 411ms)
 GET /app/roadmap 200 in 591ms (next.js: 181ms, proxy.ts: 155ms, application-code: 255ms)
 GET /app/roadmap 200 in 596ms (next.js: 122ms, proxy.ts: 156ms, application-code: 317ms)
 GET /app/roadmap 200 in 573ms (next.js: 156ms, proxy.ts: 231ms, application-code: 186ms)
 GET /app/roadmap 200 in 520ms (next.js: 16ms, proxy.ts: 225ms, application-code: 279ms)
 GET /app/roadmap 200 in 419ms (next.js: 78ms, proxy.ts: 25ms, application-code: 316ms)
 GET /app/roadmap 200 in 422ms (next.js: 19ms, proxy.ts: 25ms, application-code: 377ms)
 GET /app/roadmap 200 in 408ms (next.js: 27ms, proxy.ts: 177ms, application-code: 204ms)
 GET /app/roadmap 200 in 398ms (next.js: 57ms, proxy.ts: 181ms, application-code: 161ms)
 GET /app/roadmap 200 in 394ms (next.js: 98ms, proxy.ts: 179ms, application-code: 118ms)
 GET /app/roadmap 200 in 233ms (next.js: 14ms, proxy.ts: 138ms, application-code: 80ms)
 GET /app/roadmap 200 in 528ms (next.js: 60ms, proxy.ts: 22ms, application-code: 445ms)
 GET /app/roadmap 200 in 530ms (next.js: 18ms, proxy.ts: 22ms, application-code: 490ms)
 GET /app/roadmap 200 in 538ms (next.js: 171ms, proxy.ts: 22ms, application-code: 345ms)
 GET /app/roadmap 200 in 549ms (next.js: 123ms, proxy.ts: 22ms, application-code: 404ms)
 GET /app/roadmap 200 in 549ms (next.js: 195ms, proxy.ts: 130ms, application-code: 224ms)
 GET /app/roadmap 200 in 562ms (next.js: 96ms, proxy.ts: 296ms, application-code: 171ms)
 GET /app/roadmap 200 in 947ms (next.js: 37ms, proxy.ts: 38ms, application-code: 872ms)
 GET /app/roadmap 200 in 945ms (next.js: 228ms, proxy.ts: 39ms, application-code: 678ms)
 GET /app/roadmap 200 in 931ms (next.js: 364ms, proxy.ts: 37ms, application-code: 530ms)
 GET /app/roadmap 200 in 936ms (next.js: 465ms, proxy.ts: 139ms, application-code: 331ms)
 GET /app/roadmap 200 in 954ms (next.js: 540ms, proxy.ts: 143ms, application-code: 271ms)
 GET /app/roadmap 200 in 959ms (next.js: 37ms, proxy.ts: 724ms, application-code: 198ms)
 GET /app/roadmap 200 in 612ms (next.js: 160ms, proxy.ts: 55ms, application-code: 398ms)
 GET /app/roadmap 200 in 618ms (next.js: 81ms, proxy.ts: 55ms, application-code: 483ms)
 GET /app/roadmap 200 in 603ms (next.js: 244ms, proxy.ts: 93ms, application-code: 266ms)
 GET /app/roadmap 200 in 611ms (next.js: 203ms, proxy.ts: 69ms, application-code: 339ms)
 GET /app/roadmap 200 in 624ms (next.js: 100ms, proxy.ts: 289ms, application-code: 235ms)
 GET /app/roadmap 200 in 475ms (next.js: 21ms, proxy.ts: 231ms, application-code: 223ms)
 GET /app/roadmap 200 in 962ms (next.js: 61ms, proxy.ts: 88ms, application-code: 813ms)
 GET /app/roadmap 200 in 961ms (next.js: 136ms, proxy.ts: 82ms, application-code: 743ms)
 GET /app/roadmap 200 in 959ms (next.js: 366ms, proxy.ts: 90ms, application-code: 504ms)
 GET /app/roadmap 200 in 974ms (next.js: 268ms, proxy.ts: 89ms, application-code: 617ms)
 GET /app/roadmap 200 in 1204ms (next.js: 87ms, proxy.ts: 567ms, application-code: 550ms)
 GET /app/roadmap 200 in 1144ms (next.js: 161ms, proxy.ts: 558ms, application-code: 425ms)
 GET /app/roadmap 200 in 638ms (next.js: 21ms, proxy.ts: 76ms, application-code: 541ms)
 GET /app/roadmap 200 in 620ms (next.js: 82ms, proxy.ts: 60ms, application-code: 479ms)
 GET /app/roadmap 200 in 608ms (next.js: 139ms, proxy.ts: 46ms, application-code: 423ms)
 GET /app/roadmap 200 in 611ms (next.js: 211ms, proxy.ts: 48ms, application-code: 352ms)
 GET /app/roadmap 200 in 387ms (next.js: 23ms, proxy.ts: 58ms, application-code: 306ms)
 GET /app/roadmap 200 in 569ms (next.js: 83ms, proxy.ts: 51ms, application-code: 435ms)
 GET /app/roadmap 200 in 498ms (next.js: 30ms, proxy.ts: 34ms, application-code: 434ms)
 GET /app/roadmap 200 in 489ms (next.js: 81ms, proxy.ts: 34ms, application-code: 374ms)
 GET /app/roadmap 200 in 493ms (next.js: 141ms, proxy.ts: 36ms, application-code: 316ms)
 GET /app/roadmap 200 in 491ms (next.js: 202ms, proxy.ts: 34ms, application-code: 256ms)
 GET /app/roadmap 200 in 365ms (next.js: 17ms, proxy.ts: 100ms, application-code: 248ms)
 GET /app/roadmap 200 in 461ms (next.js: 74ms, proxy.ts: 26ms, application-code: 362ms)
 GET /app/roadmap 200 in 478ms (next.js: 31ms, proxy.ts: 30ms, application-code: 418ms)
 GET /app/roadmap 200 in 480ms (next.js: 104ms, proxy.ts: 38ms, application-code: 338ms)
 GET /app/roadmap 200 in 471ms (next.js: 123ms, proxy.ts: 93ms, application-code: 255ms)
 GET /app/roadmap 200 in 478ms (next.js: 83ms, proxy.ts: 93ms, application-code: 302ms)
 GET /app/roadmap 200 in 382ms (next.js: 15ms, proxy.ts: 178ms, application-code: 189ms)
 GET /app/roadmap 200 in 278ms (next.js: 23ms, proxy.ts: 67ms, application-code: 188ms)
 GET /app/roadmap 200 in 443ms (next.js: 18ms, proxy.ts: 30ms, application-code: 395ms)
 GET /app/roadmap 200 in 428ms (next.js: 69ms, proxy.ts: 74ms, application-code: 285ms)
 GET /app/roadmap 200 in 431ms (next.js: 23ms, proxy.ts: 75ms, application-code: 333ms)
 GET /app/roadmap 200 in 435ms (next.js: 125ms, proxy.ts: 74ms, application-code: 236ms)
 GET /app/roadmap 200 in 370ms (next.js: 24ms, proxy.ts: 207ms, application-code: 139ms)
 GET /app/roadmap 200 in 309ms (next.js: 16ms, proxy.ts: 153ms, application-code: 140ms)
 GET /app/roadmap 200 in 389ms (next.js: 18ms, proxy.ts: 24ms, application-code: 347ms)
 GET /app/roadmap 200 in 386ms (next.js: 62ms, proxy.ts: 27ms, application-code: 297ms)
 GET /app/roadmap 200 in 389ms (next.js: 69ms, proxy.ts: 70ms, application-code: 251ms)
 GET /app/roadmap 200 in 372ms (next.js: 64ms, proxy.ts: 106ms, application-code: 201ms)
 GET /app/roadmap 200 in 369ms (next.js: 101ms, proxy.ts: 107ms, application-code: 162ms)
 GET /app/roadmap 200 in 289ms (next.js: 17ms, proxy.ts: 155ms, application-code: 117ms)
 GET /app/roadmap 200 in 461ms (next.js: 27ms, proxy.ts: 32ms, application-code: 402ms)
 GET /app/roadmap 200 in 458ms (next.js: 80ms, proxy.ts: 40ms, application-code: 338ms)
 GET /app/roadmap 200 in 448ms (next.js: 106ms, proxy.ts: 86ms, application-code: 256ms)
 GET /app/roadmap 200 in 446ms (next.js: 153ms, proxy.ts: 84ms, application-code: 209ms)
 GET /app/roadmap 200 in 458ms (next.js: 197ms, proxy.ts: 92ms, application-code: 169ms)
 GET /app/roadmap 200 in 442ms (next.js: 88ms, proxy.ts: 260ms, application-code: 95ms)
 GET /app/roadmap 200 in 424ms (next.js: 23ms, proxy.ts: 29ms, application-code: 373ms)
 GET /app/roadmap 200 in 425ms (next.js: 121ms, proxy.ts: 32ms, application-code: 272ms)
 GET /app/roadmap 200 in 428ms (next.js: 62ms, proxy.ts: 31ms, application-code: 334ms)
 GET /app/roadmap 200 in 428ms (next.js: 165ms, proxy.ts: 33ms, application-code: 230ms)
 GET /app/roadmap 200 in 408ms (next.js: 91ms, proxy.ts: 170ms, application-code: 147ms)
 GET /app/roadmap 200 in 416ms (next.js: 75ms, proxy.ts: 238ms, application-code: 104ms)
 GET /app/roadmap 200 in 426ms (next.js: 30ms, proxy.ts: 32ms, application-code: 364ms)
 GET /app/roadmap 200 in 415ms (next.js: 98ms, proxy.ts: 35ms, application-code: 281ms)
 GET /app/roadmap 200 in 418ms (next.js: 64ms, proxy.ts: 34ms, application-code: 319ms)
 GET /app/roadmap 200 in 412ms (next.js: 155ms, proxy.ts: 35ms, application-code: 221ms)
 GET /app/roadmap 200 in 415ms (next.js: 205ms, proxy.ts: 33ms, application-code: 176ms)
 GET /app/roadmap 200 in 403ms (next.js: 104ms, proxy.ts: 211ms, application-code: 88ms)
 GET /app/roadmap 200 in 504ms (next.js: 34ms, proxy.ts: 34ms, application-code: 436ms)
 GET /app/roadmap 200 in 493ms (next.js: 125ms, proxy.ts: 41ms, application-code: 327ms)
 GET /app/roadmap 200 in 497ms (next.js: 71ms, proxy.ts: 36ms, application-code: 390ms)
 GET /app/roadmap 200 in 492ms (next.js: 167ms, proxy.ts: 45ms, application-code: 280ms)
 GET /app/roadmap 200 in 490ms (next.js: 137ms, proxy.ts: 139ms, application-code: 215ms)
 GET /app/roadmap 200 in 506ms (next.js: 202ms, proxy.ts: 136ms, application-code: 168ms)
 GET /app/roadmap 200 in 438ms (next.js: 19ms, proxy.ts: 52ms, application-code: 368ms)
 GET /app/roadmap 200 in 435ms (next.js: 98ms, proxy.ts: 50ms, application-code: 287ms)
 GET /app/roadmap 200 in 439ms (next.js: 60ms, proxy.ts: 51ms, application-code: 328ms)
 GET /app/roadmap 200 in 433ms (next.js: 152ms, proxy.ts: 49ms, application-code: 231ms)
 GET /app/roadmap 200 in 439ms (next.js: 215ms, proxy.ts: 48ms, application-code: 175ms)
 GET /app/roadmap 200 in 415ms (next.js: 108ms, proxy.ts: 215ms, application-code: 91ms)
 GET /app/roadmap 200 in 340ms (next.js: 18ms, proxy.ts: 30ms, application-code: 292ms)
 GET /app/roadmap 200 in 340ms (next.js: 59ms, proxy.ts: 30ms, application-code: 252ms)
 GET /app/roadmap 200 in 340ms (next.js: 92ms, proxy.ts: 30ms, application-code: 218ms)
 GET /app/roadmap 200 in 340ms (next.js: 125ms, proxy.ts: 30ms, application-code: 185ms)
 GET /app/roadmap 200 in 334ms (next.js: 84ms, proxy.ts: 170ms, application-code: 80ms)
 GET /app/roadmap 200 in 341ms (next.js: 52ms, proxy.ts: 170ms, application-code: 119ms)
 GET /app/roadmap 200 in 387ms (next.js: 105ms, proxy.ts: 32ms, application-code: 249ms)
 GET /app/roadmap 200 in 389ms (next.js: 58ms, proxy.ts: 32ms, application-code: 299ms)
 GET /app/roadmap 200 in 393ms (next.js: 19ms, proxy.ts: 32ms, application-code: 342ms)
 GET /app/roadmap 200 in 391ms (next.js: 159ms, proxy.ts: 33ms, application-code: 199ms)
 GET /app/roadmap 200 in 372ms (next.js: 75ms, proxy.ts: 166ms, application-code: 131ms)
 GET /app/roadmap 200 in 378ms (next.js: 67ms, proxy.ts: 216ms, application-code: 95ms)
 GET /app/roadmap 200 in 335ms (next.js: 26ms, proxy.ts: 28ms, application-code: 281ms)
 GET /app/roadmap 200 in 334ms (next.js: 66ms, proxy.ts: 30ms, application-code: 238ms)
 GET /app/roadmap 200 in 332ms (next.js: 100ms, proxy.ts: 34ms, application-code: 198ms)
 GET /app/roadmap 200 in 330ms (next.js: 175ms, proxy.ts: 35ms, application-code: 120ms)
 GET /app/roadmap 200 in 333ms (next.js: 133ms, proxy.ts: 34ms, application-code: 167ms)
 GET /app/roadmap 200 in 326ms (next.js: 172ms, proxy.ts: 73ms, application-code: 81ms)
 GET /app/roadmap 200 in 374ms (next.js: 21ms, proxy.ts: 27ms, application-code: 326ms)
 GET /app/roadmap 200 in 370ms (next.js: 55ms, proxy.ts: 25ms, application-code: 290ms)
 GET /app/roadmap 200 in 372ms (next.js: 84ms, proxy.ts: 26ms, application-code: 262ms)
 GET /app/roadmap 200 in 371ms (next.js: 143ms, proxy.ts: 29ms, application-code: 200ms)
 GET /app/roadmap 200 in 371ms (next.js: 188ms, proxy.ts: 26ms, application-code: 156ms)
 GET /app/roadmap 200 in 372ms (next.js: 222ms, proxy.ts: 63ms, application-code: 88ms)
 GET /app/roadmap 200 in 395ms (next.js: 66ms, proxy.ts: 34ms, application-code: 296ms)
 GET /app/roadmap 200 in 406ms (next.js: 24ms, proxy.ts: 35ms, application-code: 347ms)
 GET /app/roadmap 200 in 394ms (next.js: 109ms, proxy.ts: 34ms, application-code: 250ms)
 GET /app/roadmap 200 in 396ms (next.js: 156ms, proxy.ts: 36ms, application-code: 204ms)
 GET /app/roadmap 200 in 395ms (next.js: 194ms, proxy.ts: 31ms, application-code: 170ms)
 GET /app/roadmap 200 in 397ms (next.js: 204ms, proxy.ts: 75ms, application-code: 117ms)
 GET /app/roadmap 200 in 367ms (next.js: 23ms, proxy.ts: 31ms, application-code: 314ms)
 GET /app/roadmap 200 in 367ms (next.js: 61ms, proxy.ts: 31ms, application-code: 275ms)
 GET /app/roadmap 200 in 368ms (next.js: 116ms, proxy.ts: 36ms, application-code: 216ms)
 GET /app/roadmap 200 in 374ms (next.js: 156ms, proxy.ts: 33ms, application-code: 184ms)
 GET /app/roadmap 200 in 370ms (next.js: 110ms, proxy.ts: 120ms, application-code: 139ms)
 GET /app/roadmap 200 in 368ms (next.js: 149ms, proxy.ts: 126ms, application-code: 93ms)
 GET /app/roadmap 200 in 391ms (next.js: 24ms, proxy.ts: 24ms, application-code: 343ms)
 GET /app/roadmap 200 in 392ms (next.js: 88ms, proxy.ts: 33ms, application-code: 271ms)
 GET /app/roadmap 200 in 394ms (next.js: 133ms, proxy.ts: 35ms, application-code: 226ms)
 GET /app/roadmap 200 in 380ms (next.js: 108ms, proxy.ts: 93ms, application-code: 179ms)
 GET /app/roadmap 200 in 384ms (next.js: 104ms, proxy.ts: 136ms, application-code: 144ms)
 GET /app/roadmap 200 in 384ms (next.js: 106ms, proxy.ts: 181ms, application-code: 97ms)
 GET /app/roadmap 200 in 404ms (next.js: 23ms, proxy.ts: 26ms, application-code: 355ms)
 GET /app/roadmap 200 in 401ms (next.js: 73ms, proxy.ts: 32ms, application-code: 297ms)
 GET /app/roadmap 200 in 395ms (next.js: 78ms, proxy.ts: 81ms, application-code: 236ms)
 GET /app/roadmap 200 in 396ms (next.js: 66ms, proxy.ts: 132ms, application-code: 198ms)
 GET /app/roadmap 200 in 398ms (next.js: 120ms, proxy.ts: 130ms, application-code: 149ms)
 GET /app/roadmap 200 in 397ms (next.js: 119ms, proxy.ts: 176ms, application-code: 102ms)
 GET /app/roadmap 200 in 426ms (next.js: 20ms, proxy.ts: 26ms, application-code: 380ms)
 GET /app/roadmap 200 in 424ms (next.js: 62ms, proxy.ts: 28ms, application-code: 335ms)
 GET /app/roadmap 200 in 423ms (next.js: 103ms, proxy.ts: 27ms, application-code: 293ms)
 GET /app/roadmap 200 in 420ms (next.js: 30ms, proxy.ts: 162ms, application-code: 227ms)
 GET /app/roadmap 200 in 423ms (next.js: 61ms, proxy.ts: 171ms, application-code: 191ms)
 GET /app/roadmap 200 in 425ms (next.js: 121ms, proxy.ts: 171ms, application-code: 133ms)
 GET /app/roadmap 200 in 394ms (next.js: 25ms, proxy.ts: 29ms, application-code: 340ms)
 GET /app/roadmap 200 in 392ms (next.js: 68ms, proxy.ts: 34ms, application-code: 289ms)
 GET /app/roadmap 200 in 391ms (next.js: 108ms, proxy.ts: 32ms, application-code: 250ms)
 GET /app/roadmap 200 in 391ms (next.js: 126ms, proxy.ts: 83ms, application-code: 183ms)
 GET /app/roadmap 200 in 373ms (next.js: 62ms, proxy.ts: 171ms, application-code: 140ms)
 GET /app/roadmap 200 in 381ms (next.js: 64ms, proxy.ts: 219ms, application-code: 97ms)
 GET /app/roadmap 200 in 415ms (next.js: 25ms, proxy.ts: 31ms, application-code: 359ms)
 GET /app/roadmap 200 in 416ms (next.js: 69ms, proxy.ts: 31ms, application-code: 316ms)
 GET /app/roadmap 200 in 415ms (next.js: 116ms, proxy.ts: 34ms, application-code: 266ms)
 GET /app/roadmap 200 in 408ms (next.js: 100ms, proxy.ts: 135ms, application-code: 173ms)
 GET /app/roadmap 200 in 403ms (next.js: 68ms, proxy.ts: 200ms, application-code: 135ms)
 GET /app/roadmap 200 in 403ms (next.js: 101ms, proxy.ts: 202ms, application-code: 101ms)
 GET /app/roadmap 200 in 421ms (next.js: 25ms, proxy.ts: 35ms, application-code: 361ms)
 GET /app/roadmap 200 in 410ms (next.js: 83ms, proxy.ts: 31ms, application-code: 297ms)
 GET /app/roadmap 200 in 412ms (next.js: 123ms, proxy.ts: 30ms, application-code: 259ms)
 GET /app/roadmap 200 in 413ms (next.js: 172ms, proxy.ts: 33ms, application-code: 208ms)
 GET /app/roadmap 200 in 413ms (next.js: 164ms, proxy.ts: 89ms, application-code: 159ms)
 GET /app/roadmap 200 in 414ms (next.js: 91ms, proxy.ts: 221ms, application-code: 101ms)
 GET /app/roadmap 200 in 435ms (next.js: 23ms, proxy.ts: 28ms, application-code: 385ms)
 GET /app/roadmap 200 in 430ms (next.js: 67ms, proxy.ts: 34ms, application-code: 329ms)
 GET /app/roadmap 200 in 430ms (next.js: 105ms, proxy.ts: 31ms, application-code: 294ms)
 GET /app/roadmap 200 in 429ms (next.js: 126ms, proxy.ts: 72ms, application-code: 231ms)
 GET /app/roadmap 200 in 428ms (next.js: 177ms, proxy.ts: 79ms, application-code: 172ms)
 GET /app/roadmap 200 in 430ms (next.js: 139ms, proxy.ts: 173ms, application-code: 117ms)
 GET /app/roadmap 200 in 425ms (next.js: 87ms, proxy.ts: 32ms, application-code: 306ms)
 GET /app/roadmap 200 in 431ms (next.js: 44ms, proxy.ts: 29ms, application-code: 358ms)
 GET /app/roadmap 200 in 415ms (next.js: 173ms, proxy.ts: 48ms, application-code: 194ms)
 GET /app/roadmap 200 in 422ms (next.js: 137ms, proxy.ts: 34ms, application-code: 252ms)
 GET /app/roadmap 200 in 418ms (next.js: 220ms, proxy.ts: 46ms, application-code: 152ms)
 GET /app/roadmap 200 in 416ms (next.js: 81ms, proxy.ts: 244ms, application-code: 91ms)
 GET /app/roadmap 200 in 396ms (next.js: 21ms, proxy.ts: 30ms, application-code: 345ms)
 GET /app/roadmap 200 in 391ms (next.js: 65ms, proxy.ts: 30ms, application-code: 296ms)
 GET /app/roadmap 200 in 392ms (next.js: 117ms, proxy.ts: 33ms, application-code: 241ms)
 GET /app/roadmap 200 in 398ms (next.js: 129ms, proxy.ts: 76ms, application-code: 194ms)
 GET /app/roadmap 200 in 396ms (next.js: 144ms, proxy.ts: 125ms, application-code: 127ms)
 GET /app/roadmap 200 in 382ms (next.js: 127ms, proxy.ts: 177ms, application-code: 78ms)
 GET /app/roadmap 200 in 371ms (next.js: 24ms, proxy.ts: 24ms, application-code: 322ms)
 GET /app/roadmap 200 in 375ms (next.js: 58ms, proxy.ts: 30ms, application-code: 287ms)
 GET /app/roadmap 200 in 371ms (next.js: 105ms, proxy.ts: 32ms, application-code: 234ms)
 GET /app/roadmap 200 in 362ms (next.js: 105ms, proxy.ts: 102ms, application-code: 155ms)
 GET /app/roadmap 200 in 365ms (next.js: 68ms, proxy.ts: 104ms, application-code: 193ms)
 GET /app/roadmap 200 in 361ms (next.js: 104ms, proxy.ts: 154ms, application-code: 102ms)
 GET /app/roadmap 200 in 389ms (next.js: 22ms, proxy.ts: 26ms, application-code: 342ms)
 GET /app/roadmap 200 in 383ms (next.js: 67ms, proxy.ts: 30ms, application-code: 287ms)
 GET /app/roadmap 200 in 385ms (next.js: 81ms, proxy.ts: 72ms, application-code: 232ms)
 GET /app/roadmap 200 in 382ms (next.js: 105ms, proxy.ts: 126ms, application-code: 151ms)
 GET /app/roadmap 200 in 386ms (next.js: 112ms, proxy.ts: 72ms, application-code: 203ms)
 GET /app/roadmap 200 in 382ms (next.js: 140ms, proxy.ts: 126ms, application-code: 116ms)
 GET /app/roadmap 200 in 550ms (next.js: 125ms, proxy.ts: 29ms, application-code: 395ms)
 GET /app/roadmap 200 in 556ms (next.js: 23ms, proxy.ts: 28ms, application-code: 505ms)
 GET /app/roadmap 200 in 550ms (next.js: 159ms, proxy.ts: 115ms, application-code: 275ms)
 GET /app/roadmap 200 in 545ms (next.js: 124ms, proxy.ts: 241ms, application-code: 180ms)
 GET /app/roadmap 200 in 553ms (next.js: 83ms, proxy.ts: 241ms, application-code: 229ms)
 GET /app/roadmap 200 in 555ms (next.js: 183ms, proxy.ts: 245ms, application-code: 127ms)
 GET /app/roadmap 200 in 502ms (next.js: 32ms, proxy.ts: 35ms, application-code: 435ms)
 GET /app/roadmap 200 in 500ms (next.js: 84ms, proxy.ts: 42ms, application-code: 375ms)
 GET /app/roadmap 200 in 507ms (next.js: 140ms, proxy.ts: 46ms, application-code: 322ms)
 GET /app/roadmap 200 in 500ms (next.js: 123ms, proxy.ts: 145ms, application-code: 232ms)
 GET /app/roadmap 200 in 511ms (next.js: 136ms, proxy.ts: 96ms, application-code: 279ms)
 GET /app/roadmap 200 in 496ms (next.js: 146ms, proxy.ts: 197ms, application-code: 153ms)
 GET /app/roadmap 200 in 524ms (next.js: 32ms, proxy.ts: 38ms, application-code: 454ms)
 GET /app/roadmap 200 in 523ms (next.js: 95ms, proxy.ts: 46ms, application-code: 382ms)
 GET /app/roadmap 200 in 539ms (next.js: 98ms, proxy.ts: 117ms, application-code: 324ms)
 GET /app/roadmap 200 in 512ms (next.js: 130ms, proxy.ts: 167ms, application-code: 215ms)
 GET /app/roadmap 200 in 526ms (next.js: 87ms, proxy.ts: 172ms, application-code: 267ms)
 GET /app/roadmap 200 in 520ms (next.js: 178ms, proxy.ts: 167ms, application-code: 175ms)
 GET /app/roadmap 200 in 602ms (next.js: 47ms, proxy.ts: 37ms, application-code: 518ms)
 GET /app/roadmap 200 in 601ms (next.js: 116ms, proxy.ts: 38ms, application-code: 448ms)
 GET /app/roadmap 200 in 566ms (next.js: 70ms, proxy.ts: 206ms, application-code: 290ms)
 GET /app/roadmap 200 in 573ms (next.js: 21ms, proxy.ts: 207ms, application-code: 345ms)
 GET /app/roadmap 200 in 547ms (next.js: 157ms, proxy.ts: 180ms, application-code: 210ms)
 GET /app/roadmap 200 in 554ms (next.js: 246ms, proxy.ts: 185ms, application-code: 122ms)
 GET /app/roadmap 200 in 470ms (next.js: 31ms, proxy.ts: 42ms, application-code: 397ms)
 GET /app/roadmap 200 in 470ms (next.js: 88ms, proxy.ts: 43ms, application-code: 340ms)
 GET /app/roadmap 200 in 459ms (next.js: 133ms, proxy.ts: 43ms, application-code: 283ms)
 GET /app/roadmap 200 in 454ms (next.js: 155ms, proxy.ts: 101ms, application-code: 198ms)
 GET /app/roadmap 200 in 446ms (next.js: 247ms, proxy.ts: 93ms, application-code: 106ms)
 GET /app/roadmap 200 in 457ms (next.js: 201ms, proxy.ts: 96ms, application-code: 161ms)
 GET /app/roadmap 200 in 504ms (next.js: 26ms, proxy.ts: 41ms, application-code: 438ms)
 GET /app/roadmap 200 in 495ms (next.js: 137ms, proxy.ts: 36ms, application-code: 322ms)
 GET /app/roadmap 200 in 503ms (next.js: 87ms, proxy.ts: 40ms, application-code: 377ms)
 GET /app/roadmap 200 in 498ms (next.js: 247ms, proxy.ts: 39ms, application-code: 212ms)
 GET /app/roadmap 200 in 502ms (next.js: 296ms, proxy.ts: 42ms, application-code: 164ms)
 GET /app/roadmap 200 in 507ms (next.js: 177ms, proxy.ts: 207ms, application-code: 123ms)
 GET /app/roadmap 200 in 397ms (next.js: 28ms, proxy.ts: 26ms, application-code: 343ms)
 GET /app/roadmap 200 in 396ms (next.js: 71ms, proxy.ts: 32ms, application-code: 293ms)
 GET /app/roadmap 200 in 393ms (next.js: 126ms, proxy.ts: 35ms, application-code: 232ms)
 GET /app/roadmap 200 in 394ms (next.js: 175ms, proxy.ts: 37ms, application-code: 182ms)
 GET /app/roadmap 200 in 396ms (next.js: 161ms, proxy.ts: 83ms, application-code: 152ms)
 GET /app/roadmap 200 in 380ms (next.js: 115ms, proxy.ts: 181ms, application-code: 84ms)
 GET /app/roadmap 200 in 445ms (next.js: 20ms, proxy.ts: 31ms, application-code: 394ms)
 GET /app/roadmap 200 in 444ms (next.js: 55ms, proxy.ts: 30ms, application-code: 359ms)
 GET /app/roadmap 200 in 443ms (next.js: 168ms, proxy.ts: 33ms, application-code: 242ms)
 GET /app/roadmap 200 in 442ms (next.js: 231ms, proxy.ts: 34ms, application-code: 177ms)
 GET /app/roadmap 200 in 437ms (next.js: 280ms, proxy.ts: 25ms, application-code: 133ms)
 GET /app/roadmap 200 in 444ms (next.js: 182ms, proxy.ts: 178ms, application-code: 84ms)
 GET /app/roadmap 200 in 385ms (next.js: 23ms, proxy.ts: 26ms, application-code: 335ms)
 GET /app/roadmap 200 in 382ms (next.js: 105ms, proxy.ts: 29ms, application-code: 248ms)
 GET /app/roadmap 200 in 386ms (next.js: 67ms, proxy.ts: 29ms, application-code: 290ms)
 GET /app/roadmap 200 in 387ms (next.js: 148ms, proxy.ts: 30ms, application-code: 209ms)
 GET /app/roadmap 200 in 384ms (next.js: 196ms, proxy.ts: 30ms, application-code: 157ms)
 GET /app/roadmap 200 in 383ms (next.js: 215ms, proxy.ts: 72ms, application-code: 96ms)
 GET /app/roadmap 200 in 383ms (next.js: 20ms, proxy.ts: 30ms, application-code: 332ms)
 GET /app/roadmap 200 in 381ms (next.js: 66ms, proxy.ts: 32ms, application-code: 283ms)
 GET /app/roadmap 200 in 378ms (next.js: 112ms, proxy.ts: 34ms, application-code: 232ms)
 GET /app/roadmap 200 in 374ms (next.js: 120ms, proxy.ts: 74ms, application-code: 179ms)
 GET /app/roadmap 200 in 371ms (next.js: 115ms, proxy.ts: 120ms, application-code: 136ms)
 GET /app/roadmap 200 in 372ms (next.js: 152ms, proxy.ts: 118ms, application-code: 102ms)
 GET /app/roadmap 200 in 383ms (next.js: 41ms, proxy.ts: 30ms, application-code: 312ms)
 GET /app/roadmap 200 in 382ms (next.js: 83ms, proxy.ts: 34ms, application-code: 265ms)
 GET /app/roadmap 200 in 376ms (next.js: 158ms, proxy.ts: 35ms, application-code: 183ms)
 GET /app/roadmap 200 in 382ms (next.js: 121ms, proxy.ts: 37ms, application-code: 224ms)
 GET /app/roadmap 200 in 381ms (next.js: 197ms, proxy.ts: 51ms, application-code: 132ms)
 GET /app/roadmap 200 in 380ms (next.js: 156ms, proxy.ts: 135ms, application-code: 88ms)
 GET /app/roadmap 200 in 363ms (next.js: 49ms, proxy.ts: 27ms, application-code: 287ms)
 GET /app/roadmap 200 in 373ms (next.js: 19ms, proxy.ts: 31ms, application-code: 323ms)
 GET /app/roadmap 200 in 370ms (next.js: 96ms, proxy.ts: 29ms, application-code: 245ms)
 GET /app/roadmap 200 in 362ms (next.js: 131ms, proxy.ts: 98ms, application-code: 133ms)
 GET /app/roadmap 200 in 369ms (next.js: 152ms, proxy.ts: 29ms, application-code: 188ms)
 GET /app/roadmap 200 in 365ms (next.js: 165ms, proxy.ts: 97ms, application-code: 103ms)
 GET /app/roadmap 200 in 355ms (next.js: 24ms, proxy.ts: 35ms, application-code: 296ms)
 GET /app/roadmap 200 in 354ms (next.js: 61ms, proxy.ts: 40ms, application-code: 253ms)
 GET /app/roadmap 200 in 340ms (next.js: 97ms, proxy.ts: 33ms, application-code: 210ms)
 GET /app/roadmap 200 in 340ms (next.js: 136ms, proxy.ts: 31ms, application-code: 173ms)
 GET /app/roadmap 200 in 344ms (next.js: 145ms, proxy.ts: 71ms, application-code: 127ms)
 GET /api/plans 200 in 1205ms (next.js: 184ms, proxy.ts: 69ms, application-code: 951ms)
 GET /api/plans 200 in 895ms (next.js: 20ms, proxy.ts: 24ms, application-code: 852ms)
 GET /api/chats 200 in 915ms (next.js: 35ms, proxy.ts: 22ms, application-code: 858ms)
 GET /api/chats 200 in 971ms (next.js: 13ms, proxy.ts: 24ms, application-code: 935ms)
✓ Compiled in 1474ms
 GET /app/roadmap 200 in 3.7s (next.js: 1205ms, proxy.ts: 2.0s, application-code: 469ms)
 GET /api/admin/me 200 in 3.2s (next.js: 411ms, proxy.ts: 638ms, application-code: 2.1s)
 GET /api/admin/me 200 in 154ms (next.js: 16ms, proxy.ts: 33ms, application-code: 104ms)
 GET /api/billing/me 200 in 3.3s (next.js: 523ms, proxy.ts: 615ms, application-code: 2.2s)
 GET /api/billing/me 200 in 3.3s (next.js: 805ms, proxy.ts: 636ms, application-code: 1892ms)
 GET /api/plans 200 in 3.4s (next.js: 789ms, proxy.ts: 661ms, application-code: 1975ms)
 GET /api/chats 200 in 3.5s (next.js: 848ms, proxy.ts: 666ms, application-code: 1999ms)
 GET /api/ai/usage-summary 200 in 909ms (next.js: 69ms, proxy.ts: 22ms, application-code: 818ms)
 GET /app/roadmap 200 in 549ms (next.js: 67ms, proxy.ts: 127ms, application-code: 355ms)
 GET /api/billing/me 200 in 887ms (next.js: 50ms, proxy.ts: 216ms, application-code: 620ms)
 GET /api/billing/me 200 in 823ms (next.js: 70ms, proxy.ts: 182ms, application-code: 571ms)
 GET /api/ai/usage-summary 200 in 823ms (next.js: 60ms, proxy.ts: 155ms, application-code: 609ms)
 GET /api/chats 200 in 926ms (next.js: 25ms, proxy.ts: 28ms, application-code: 873ms)
 GET /api/plans 200 in 1304ms (next.js: 199ms, proxy.ts: 124ms, application-code: 980ms)
 GET /app/roadmap 200 in 1523ms (next.js: 21ms, proxy.ts: 30ms, application-code: 1472ms)
 GET /app/roadmap 200 in 1696ms (next.js: 31ms, proxy.ts: 63ms, application-code: 1603ms)
 GET /app/roadmap 200 in 1574ms (next.js: 47ms, proxy.ts: 36ms, application-code: 1492ms)
 GET /app/roadmap 200 in 1743ms (next.js: 175ms, proxy.ts: 33ms, application-code: 1535ms)
 GET /app/roadmap 200 in 2.0s (next.js: 207ms, proxy.ts: 183ms, application-code: 1636ms)
 GET /app/roadmap 200 in 2.0s (next.js: 89ms, proxy.ts: 181ms, application-code: 1779ms)
 GET /app/roadmap 200 in 1777ms (next.js: 41ms, proxy.ts: 74ms, application-code: 1662ms)
 GET /app/roadmap 200 in 1572ms (next.js: 62ms, proxy.ts: 31ms, application-code: 1478ms)
 GET /app/roadmap 200 in 1404ms (next.js: 370ms, proxy.ts: 78ms, application-code: 956ms)
 GET /app/roadmap 200 in 1525ms (next.js: 224ms, proxy.ts: 73ms, application-code: 1229ms)
 GET /app/roadmap 200 in 1241ms (next.js: 50ms, proxy.ts: 55ms, application-code: 1136ms)
 GET /app/roadmap 200 in 1249ms (next.js: 145ms, proxy.ts: 69ms, application-code: 1036ms)
 GET /app/roadmap 200 in 1318ms (next.js: 24ms, proxy.ts: 25ms, application-code: 1268ms)
 GET /app/roadmap 200 in 1670ms (next.js: 37ms, proxy.ts: 34ms, application-code: 1599ms)
 GET /app/roadmap 200 in 1926ms (next.js: 69ms, proxy.ts: 77ms, application-code: 1779ms)
 GET /app/roadmap 200 in 1910ms (next.js: 308ms, proxy.ts: 72ms, application-code: 1530ms)
 GET /app/roadmap 200 in 1815ms (next.js: 30ms, proxy.ts: 30ms, application-code: 1755ms)
 GET /app/roadmap 200 in 1855ms (next.js: 139ms, proxy.ts: 31ms, application-code: 1684ms)
 GET /app/roadmap 200 in 2.0s (next.js: 64ms, proxy.ts: 141ms, application-code: 1823ms)
 GET /app/roadmap 200 in 1658ms (next.js: 47ms, proxy.ts: 98ms, application-code: 1512ms)
 GET /app/roadmap 200 in 1446ms (next.js: 148ms, proxy.ts: 45ms, application-code: 1253ms)
 GET /app/roadmap 200 in 1451ms (next.js: 31ms, proxy.ts: 37ms, application-code: 1382ms)
 GET /app/roadmap 200 in 1359ms (next.js: 57ms, proxy.ts: 342ms, application-code: 961ms)
 GET /app/roadmap 200 in 1348ms (next.js: 153ms, proxy.ts: 337ms, application-code: 858ms)
 GET /app/roadmap 200 in 1178ms (next.js: 43ms, proxy.ts: 40ms, application-code: 1095ms)
 GET /app/roadmap 200 in 1022ms (next.js: 25ms, proxy.ts: 18ms, application-code: 978ms)
 GET /app/roadmap 200 in 1151ms (next.js: 56ms, proxy.ts: 57ms, application-code: 1038ms)
 GET /app/roadmap 200 in 1149ms (next.js: 159ms, proxy.ts: 58ms, application-code: 932ms)
 GET /app/roadmap 200 in 984ms (next.js: 37ms, proxy.ts: 52ms, application-code: 895ms)
 GET /app/roadmap 200 in 1185ms (next.js: 226ms, proxy.ts: 56ms, application-code: 903ms)
 GET /app/roadmap 200 in 1088ms (next.js: 21ms, proxy.ts: 19ms, application-code: 1048ms)
 GET /app/roadmap 200 in 1000ms (next.js: 20ms, proxy.ts: 46ms, application-code: 935ms)
 GET /app/roadmap 200 in 1041ms (next.js: 29ms, proxy.ts: 42ms, application-code: 969ms)
 GET /app/roadmap 200 in 1069ms (next.js: 162ms, proxy.ts: 45ms, application-code: 861ms)
 GET /app/roadmap 200 in 978ms (next.js: 26ms, proxy.ts: 47ms, application-code: 905ms)
 GET /app/roadmap 200 in 1182ms (next.js: 123ms, proxy.ts: 28ms, application-code: 1031ms)
 GET /app/roadmap 200 in 1276ms (next.js: 17ms, proxy.ts: 49ms, application-code: 1210ms)
 GET /app/roadmap 200 in 1350ms (next.js: 25ms, proxy.ts: 48ms, application-code: 1277ms)
 GET /app/roadmap 200 in 1504ms (next.js: 52ms, proxy.ts: 63ms, application-code: 1389ms)
 GET /app/roadmap 200 in 1525ms (next.js: 236ms, proxy.ts: 62ms, application-code: 1227ms)
 GET /app/roadmap 200 in 1416ms (next.js: 39ms, proxy.ts: 41ms, application-code: 1335ms)
 GET /app/roadmap 200 in 1580ms (next.js: 232ms, proxy.ts: 39ms, application-code: 1309ms)
 GET /app/roadmap 200 in 1938ms (next.js: 26ms, proxy.ts: 32ms, application-code: 1881ms)
 GET /app/roadmap 200 in 1988ms (next.js: 47ms, proxy.ts: 80ms, application-code: 1861ms)
 GET /app/roadmap 200 in 1971ms (next.js: 170ms, proxy.ts: 51ms, application-code: 1750ms)
 GET /app/roadmap 200 in 1987ms (next.js: 309ms, proxy.ts: 105ms, application-code: 1572ms)
 GET /app/roadmap 200 in 1731ms (next.js: 104ms, proxy.ts: 94ms, application-code: 1533ms)
 GET /app/roadmap 200 in 1833ms (next.js: 404ms, proxy.ts: 73ms, application-code: 1356ms)
 GET /app/roadmap 200 in 1381ms (next.js: 23ms, proxy.ts: 27ms, application-code: 1330ms)
 GET /app/roadmap 200 in 1319ms (next.js: 28ms, proxy.ts: 57ms, application-code: 1234ms)
 GET /app/roadmap 200 in 1900ms (next.js: 100ms, proxy.ts: 98ms, application-code: 1702ms)
 GET /app/roadmap 200 in 1905ms (next.js: 109ms, proxy.ts: 219ms, application-code: 1577ms)
 GET /app/roadmap 200 in 1730ms (next.js: 70ms, proxy.ts: 48ms, application-code: 1612ms)
 GET /app/roadmap 200 in 1725ms (next.js: 144ms, proxy.ts: 45ms, application-code: 1537ms)
 GET /app/roadmap 200 in 1993ms (next.js: 29ms, proxy.ts: 70ms, application-code: 1893ms)
 GET /app/roadmap 200 in 1670ms (next.js: 50ms, proxy.ts: 327ms, application-code: 1293ms)
 GET /app/roadmap 200 in 1528ms (next.js: 33ms, proxy.ts: 40ms, application-code: 1455ms)
 GET /app/roadmap 200 in 1522ms (next.js: 62ms, proxy.ts: 216ms, application-code: 1244ms)
 GET /app/roadmap 200 in 1413ms (next.js: 76ms, proxy.ts: 124ms, application-code: 1213ms)
 GET /app/roadmap 200 in 1404ms (next.js: 253ms, proxy.ts: 135ms, application-code: 1016ms)
 GET /app/roadmap 200 in 2.1s (next.js: 84ms, proxy.ts: 40ms, application-code: 1959ms)
 GET /app/roadmap 200 in 2.1s (next.js: 21ms, proxy.ts: 284ms, application-code: 1764ms)
 GET /app/roadmap 200 in 1832ms (next.js: 137ms, proxy.ts: 25ms, application-code: 1671ms)
 GET /app/roadmap 200 in 2.1s (next.js: 17ms, proxy.ts: 293ms, application-code: 1748ms)
 GET /app/roadmap 200 in 1896ms (next.js: 108ms, proxy.ts: 637ms, application-code: 1150ms)
 GET /app/roadmap 200 in 1460ms (next.js: 371ms, proxy.ts: 222ms, application-code: 866ms)
 GET /app/roadmap 200 in 1231ms (next.js: 35ms, proxy.ts: 27ms, application-code: 1168ms)
 GET /app/roadmap 200 in 1225ms (next.js: 145ms, proxy.ts: 135ms, application-code: 945ms)
 GET /app/roadmap 200 in 939ms (next.js: 30ms, proxy.ts: 32ms, application-code: 877ms)
 GET /app/roadmap 200 in 1110ms (next.js: 48ms, proxy.ts: 112ms, application-code: 951ms)
 GET /app/roadmap 200 in 1232ms (next.js: 38ms, proxy.ts: 249ms, application-code: 945ms)
 GET /app/roadmap 200 in 1141ms (next.js: 149ms, proxy.ts: 167ms, application-code: 825ms)
 GET /app/roadmap 200 in 1189ms (next.js: 27ms, proxy.ts: 32ms, application-code: 1130ms)
 GET /app/roadmap 200 in 1142ms (next.js: 29ms, proxy.ts: 37ms, application-code: 1076ms)
 GET /app/roadmap 200 in 1199ms (next.js: 102ms, proxy.ts: 101ms, application-code: 996ms)
 GET /app/roadmap 200 in 1272ms (next.js: 95ms, proxy.ts: 236ms, application-code: 941ms)
 GET /app/roadmap 200 in 1019ms (next.js: 153ms, proxy.ts: 57ms, application-code: 809ms)
 GET /app/roadmap 200 in 1026ms (next.js: 37ms, proxy.ts: 57ms, application-code: 932ms)
 GET /app/roadmap 200 in 1203ms (next.js: 66ms, proxy.ts: 45ms, application-code: 1092ms)
 GET /app/roadmap 200 in 1046ms (next.js: 66ms, proxy.ts: 65ms, application-code: 916ms)
 GET /app/roadmap 200 in 1452ms (next.js: 45ms, proxy.ts: 63ms, application-code: 1345ms)
 GET /app/roadmap 200 in 1438ms (next.js: 41ms, proxy.ts: 174ms, application-code: 1224ms)
 GET /app/roadmap 200 in 1577ms (next.js: 51ms, proxy.ts: 199ms, application-code: 1328ms)
 GET /app/roadmap 200 in 1607ms (next.js: 181ms, proxy.ts: 204ms, application-code: 1222ms)
 GET /app/roadmap 200 in 1646ms (next.js: 47ms, proxy.ts: 36ms, application-code: 1564ms)
 GET /app/roadmap 200 in 1452ms (next.js: 70ms, proxy.ts: 146ms, application-code: 1237ms)
 GET /app/roadmap 200 in 1224ms (next.js: 53ms, proxy.ts: 177ms, application-code: 994ms)
 GET /app/roadmap 200 in 1057ms (next.js: 103ms, proxy.ts: 185ms, application-code: 769ms)
 GET /app/roadmap 200 in 938ms (next.js: 29ms, proxy.ts: 303ms, application-code: 606ms)
 GET /app/roadmap 200 in 732ms (next.js: 150ms, proxy.ts: 93ms, application-code: 488ms)
 GET /app/roadmap 200 in 737ms (next.js: 22ms, proxy.ts: 23ms, application-code: 692ms)
 GET /app/roadmap 200 in 730ms (next.js: 18ms, proxy.ts: 121ms, application-code: 592ms)
 GET /app/roadmap 200 in 747ms (next.js: 22ms, proxy.ts: 26ms, application-code: 699ms)
 GET /app/roadmap 200 in 748ms (next.js: 44ms, proxy.ts: 89ms, application-code: 615ms)
 GET /app/roadmap 200 in 815ms (next.js: 22ms, proxy.ts: 129ms, application-code: 665ms)
 GET /app/roadmap 200 in 734ms (next.js: 100ms, proxy.ts: 43ms, application-code: 590ms)
 GET /app/roadmap 200 in 991ms (next.js: 18ms, proxy.ts: 22ms, application-code: 951ms)
 GET /app/roadmap 200 in 1008ms (next.js: 25ms, proxy.ts: 107ms, application-code: 876ms)
 GET /app/roadmap 200 in 1226ms (next.js: 44ms, proxy.ts: 22ms, application-code: 1161ms)
 GET /app/roadmap 200 in 1471ms (next.js: 47ms, proxy.ts: 147ms, application-code: 1277ms)
 GET /app/roadmap 200 in 1877ms (next.js: 88ms, proxy.ts: 84ms, application-code: 1706ms)
 GET /app/roadmap 200 in 1856ms (next.js: 183ms, proxy.ts: 64ms, application-code: 1609ms)
 GET /app/roadmap 200 in 1979ms (next.js: 35ms, proxy.ts: 29ms, application-code: 1915ms)
 GET /app/roadmap 200 in 1975ms (next.js: 79ms, proxy.ts: 272ms, application-code: 1623ms)
 GET /app/roadmap 200 in 1577ms (next.js: 470ms, proxy.ts: 213ms, application-code: 894ms)
 GET /app/roadmap 200 in 1490ms (next.js: 21ms, proxy.ts: 659ms, application-code: 810ms)
 GET /app/roadmap 200 in 979ms (next.js: 33ms, proxy.ts: 173ms, application-code: 773ms)
 GET /app/roadmap 200 in 982ms (next.js: 165ms, proxy.ts: 74ms, application-code: 742ms)
 GET /app/roadmap 200 in 920ms (next.js: 25ms, proxy.ts: 28ms, application-code: 868ms)
 GET /app/roadmap 200 in 810ms (next.js: 23ms, proxy.ts: 32ms, application-code: 755ms)
 GET /app/roadmap 200 in 971ms (next.js: 46ms, proxy.ts: 67ms, application-code: 858ms)
 GET /app/roadmap 200 in 1075ms (next.js: 27ms, proxy.ts: 129ms, application-code: 919ms)
 GET /app/roadmap 200 in 1098ms (next.js: 23ms, proxy.ts: 155ms, application-code: 920ms)
 GET /app/roadmap 200 in 1109ms (next.js: 43ms, proxy.ts: 102ms, application-code: 964ms)
 GET /app/roadmap 200 in 1174ms (next.js: 32ms, proxy.ts: 29ms, application-code: 1113ms)
 GET /app/roadmap 200 in 1049ms (next.js: 40ms, proxy.ts: 125ms, application-code: 884ms)
 GET /app/roadmap 200 in 1019ms (next.js: 53ms, proxy.ts: 45ms, application-code: 922ms)
 GET /app/roadmap 200 in 1258ms (next.js: 56ms, proxy.ts: 148ms, application-code: 1054ms)
 GET /app/roadmap 200 in 1272ms (next.js: 22ms, proxy.ts: 145ms, application-code: 1106ms)
 GET /app/roadmap 200 in 1277ms (next.js: 51ms, proxy.ts: 149ms, application-code: 1076ms)
 GET /app/roadmap 200 in 1158ms (next.js: 24ms, proxy.ts: 52ms, application-code: 1082ms)
 GET /app/roadmap 200 in 1044ms (next.js: 125ms, proxy.ts: 69ms, application-code: 850ms)
 GET /app/roadmap 200 in 1078ms (next.js: 39ms, proxy.ts: 285ms, application-code: 755ms)
 GET /app/roadmap 200 in 942ms (next.js: 52ms, proxy.ts: 177ms, application-code: 712ms)
 GET /app/roadmap 200 in 874ms (next.js: 17ms, proxy.ts: 125ms, application-code: 733ms)
 GET /app/roadmap 200 in 872ms (next.js: 30ms, proxy.ts: 119ms, application-code: 723ms)
 GET /app/roadmap 200 in 895ms (next.js: 36ms, proxy.ts: 68ms, application-code: 791ms)
 GET /app/roadmap 200 in 863ms (next.js: 68ms, proxy.ts: 137ms, application-code: 658ms)
 GET /app/roadmap 200 in 817ms (next.js: 34ms, proxy.ts: 141ms, application-code: 642ms)
 GET /app/roadmap 200 in 788ms (next.js: 34ms, proxy.ts: 108ms, application-code: 646ms)
 GET /app/roadmap 200 in 802ms (next.js: 19ms, proxy.ts: 120ms, application-code: 663ms)
 GET /app/roadmap 200 in 814ms (next.js: 23ms, proxy.ts: 123ms, application-code: 667ms)
 GET /app/roadmap 200 in 636ms (next.js: 21ms, proxy.ts: 29ms, application-code: 587ms)
 GET /app/roadmap 200 in 642ms (next.js: 14ms, proxy.ts: 36ms, application-code: 592ms)
 GET /app/roadmap 200 in 696ms (next.js: 22ms, proxy.ts: 140ms, application-code: 534ms)
 GET /app/roadmap 200 in 631ms (next.js: 26ms, proxy.ts: 94ms, application-code: 511ms)
 GET /app/roadmap 200 in 536ms (next.js: 20ms, proxy.ts: 33ms, application-code: 483ms)
 GET /app/roadmap 200 in 595ms (next.js: 16ms, proxy.ts: 99ms, application-code: 480ms)
 GET /app/roadmap 200 in 578ms (next.js: 18ms, proxy.ts: 24ms, application-code: 535ms)
 GET /app/roadmap 200 in 584ms (next.js: 16ms, proxy.ts: 87ms, application-code: 481ms)
 GET /app/roadmap 200 in 626ms (next.js: 15ms, proxy.ts: 84ms, application-code: 526ms)
 GET /app/roadmap 200 in 567ms (next.js: 26ms, proxy.ts: 76ms, application-code: 466ms)
 GET /app/roadmap 200 in 824ms (next.js: 18ms, proxy.ts: 35ms, application-code: 771ms)
 GET /app/roadmap 200 in 834ms (next.js: 12ms, proxy.ts: 109ms, application-code: 713ms)
 GET /app/roadmap 200 in 783ms (next.js: 19ms, proxy.ts: 19ms, application-code: 745ms)
 GET /app/roadmap 200 in 775ms (next.js: 32ms, proxy.ts: 34ms, application-code: 708ms)
 GET /app/roadmap 200 in 897ms (next.js: 37ms, proxy.ts: 192ms, application-code: 667ms)
 GET /app/roadmap 200 in 761ms (next.js: 46ms, proxy.ts: 137ms, application-code: 577ms)
 GET /app/roadmap 200 in 730ms (next.js: 29ms, proxy.ts: 27ms, application-code: 674ms)
 GET /app/roadmap 200 in 841ms (next.js: 16ms, proxy.ts: 118ms, application-code: 707ms)
 GET /app/roadmap 200 in 755ms (next.js: 42ms, proxy.ts: 29ms, application-code: 684ms)
 GET /app/roadmap 200 in 604ms (next.js: 37ms, proxy.ts: 58ms, application-code: 509ms)
 GET /app/roadmap 200 in 569ms (next.js: 44ms, proxy.ts: 133ms, application-code: 393ms)
 GET /app/roadmap 200 in 534ms (next.js: 29ms, proxy.ts: 223ms, application-code: 282ms)
 GET /app/roadmap 200 in 223ms (next.js: 36ms, proxy.ts: 56ms, application-code: 130ms)
 GET /app/roadmap 200 in 1749ms (next.js: 451ms, proxy.ts: 1078ms, application-code: 220ms)
 GET /app/roadmap 200 in 2.5s (next.js: 821ms, proxy.ts: 1321ms, application-code: 358ms)
 GET /app/roadmap 200 in 91ms (next.js: 16ms, proxy.ts: 39ms, application-code: 36ms)
 GET /app/roadmap 200 in 70ms (next.js: 9ms, proxy.ts: 14ms, application-code: 47ms)
[Sidebar] Render - side: left state: expanded openMobile: false
 GET /app/roadmap 200 in 1128ms (next.js: 7ms, proxy.ts: 18ms, application-code: 1103ms)
 GET /api/admin/me 200 in 709ms (next.js: 145ms, proxy.ts: 47ms, application-code: 517ms)
 GET /api/chats 200 in 1518ms (next.js: 427ms, proxy.ts: 73ms, application-code: 1018ms)
 GET /api/billing/me 200 in 1585ms (next.js: 216ms, proxy.ts: 50ms, application-code: 1320ms)
 GET /api/ai/usage-summary 200 in 1591ms (next.js: 363ms, proxy.ts: 52ms, application-code: 1176ms)
 GET /api/billing/me 200 in 1624ms (next.js: 312ms, proxy.ts: 50ms, application-code: 1262ms)
 GET /api/plans 200 in 1643ms (next.js: 292ms, proxy.ts: 49ms, application-code: 1302ms)
 GET /app/roadmap/ai-planning 200 in 3.7s (next.js: 3.5s, proxy.ts: 12ms, application-code: 92ms)
 GET /app/roadmap/focus-guard 200 in 352ms (next.js: 248ms, proxy.ts: 11ms, application-code: 93ms)
 GET /app/roadmap 200 in 67ms (next.js: 10ms, proxy.ts: 15ms, application-code: 42ms)
 GET /app/roadmap/ai-planning 200 in 108ms (next.js: 35ms, proxy.ts: 19ms, application-code: 54ms)
 GET /app/roadmap/insights 200 in 101ms (next.js: 34ms, proxy.ts: 21ms, application-code: 45ms)
 GET /app/roadmap/collaboration 200 in 107ms (next.js: 34ms, proxy.ts: 27ms, application-code: 46ms)
✓ Compiled in 346ms
 GET /app/roadmap 200 in 1847ms (next.js: 273ms, proxy.ts: 1169ms, application-code: 405ms)
 GET /app/roadmap 200 in 227ms (next.js: 30ms, proxy.ts: 56ms, application-code: 141ms)
✓ Compiled in 284ms
 GET /app/roadmap 200 in 1235ms (next.js: 544ms, proxy.ts: 480ms, application-code: 211ms)
✓ Compiled in 374ms
 GET /app/roadmap 200 in 744ms (next.js: 225ms, proxy.ts: 318ms, application-code: 201ms)
✓ Compiled in 460ms
 GET /app/roadmap 200 in 1403ms (next.js: 215ms, proxy.ts: 959ms, application-code: 230ms)
[Sidebar] Render - side: left state: expanded openMobile: false
 GET /app/roadmap 200 in 1223ms (next.js: 9ms, proxy.ts: 22ms, application-code: 1192ms)
 GET /api/admin/me 200 in 676ms (next.js: 97ms, proxy.ts: 53ms, application-code: 527ms)
 GET /api/chats 200 in 1470ms (next.js: 287ms, proxy.ts: 53ms, application-code: 1131ms)
 GET /api/ai/usage-summary 200 in 1593ms (next.js: 443ms, proxy.ts: 59ms, application-code: 1091ms)
 GET /api/billing/me 200 in 1597ms (next.js: 321ms, proxy.ts: 53ms, application-code: 1223ms)
 GET /api/plans 200 in 1615ms (next.js: 379ms, proxy.ts: 53ms, application-code: 1183ms)
 GET /api/billing/me 200 in 1657ms (next.js: 193ms, proxy.ts: 52ms, application-code: 1412ms)
 GET /app/roadmap/ai-planning 200 in 428ms (next.js: 279ms, proxy.ts: 27ms, application-code: 122ms)
 GET /app/roadmap 200 in 63ms (next.js: 11ms, proxy.ts: 14ms, application-code: 38ms)
 GET /app/roadmap/focus-guard 200 in 94ms (next.js: 32ms, proxy.ts: 19ms, application-code: 42ms)
 GET /app/roadmap 200 in 68ms (next.js: 18ms, proxy.ts: 17ms, application-code: 33ms)
 GET /app/roadmap/template-marketplace 200 in 202ms (next.js: 52ms, proxy.ts: 26ms, application-code: 125ms)
 GET /app/roadmap 200 in 761ms (next.js: 9ms, proxy.ts: 715ms, application-code: 37ms)
 GET /app/roadmap/collaboration 200 in 74ms (next.js: 30ms, proxy.ts: 11ms, application-code: 33ms)
✓ Compiled in 887ms
 GET /app/roadmap/collaboration 200 in 2.2s (next.js: 278ms, proxy.ts: 1285ms, application-code: 592ms)
✓ Compiled in 499ms
 GET /app/roadmap/collaboration 200 in 1381ms (next.js: 689ms, proxy.ts: 365ms, application-code: 328ms)
 GET /app/roadmap/collaboration 200 in 337ms (next.js: 12ms, proxy.ts: 257ms, application-code: 68ms)
 GET /app/roadmap 200 in 1031ms (next.js: 202ms, proxy.ts: 728ms, application-code: 101ms)
 GET /app/roadmap/focus-guard 200 in 70ms (next.js: 20ms, proxy.ts: 8ms, application-code: 43ms)
 GET /app/roadmap 200 in 64ms (next.js: 10ms, proxy.ts: 16ms, application-code: 38ms)
 GET /app/roadmap/accountability 200 in 59ms (next.js: 15ms, proxy.ts: 12ms, application-code: 32ms)
 GET /app/roadmap 200 in 37ms (next.js: 5ms, proxy.ts: 10ms, application-code: 23ms)
 GET /app/roadmap/collaboration 200 in 58ms (next.js: 14ms, proxy.ts: 17ms, application-code: 26ms)
 GET /app/roadmap 200 in 40ms (next.js: 6ms, proxy.ts: 9ms, application-code: 25ms)
✓ Compiled in 908ms
 GET /app/roadmap 200 in 1251ms (next.js: 156ms, proxy.ts: 745ms, application-code: 350ms)
 GET /app/roadmap 200 in 221ms (next.js: 15ms, proxy.ts: 31ms, application-code: 174ms)
 GET /app/roadmap 200 in 122ms (next.js: 13ms, proxy.ts: 24ms, application-code: 86ms)
[Sidebar] Render - side: left state: expanded openMobile: false
 GET /app/roadmap 200 in 936ms (next.js: 9ms, proxy.ts: 13ms, application-code: 914ms)
 GET /api/admin/me 200 in 855ms (next.js: 167ms, proxy.ts: 48ms, application-code: 640ms)
 GET /api/billing/me 200 in 1197ms (next.js: 486ms, proxy.ts: 61ms, application-code: 651ms)
 GET /api/plans 200 in 1667ms (next.js: 410ms, proxy.ts: 60ms, application-code: 1197ms)
 GET /api/chats 200 in 1675ms (next.js: 474ms, proxy.ts: 60ms, application-code: 1141ms)
 GET /app/roadmap/accountability 200 in 415ms (next.js: 266ms, proxy.ts: 15ms, application-code: 135ms)
 GET /api/ai/usage-summary 200 in 1695ms (next.js: 568ms, proxy.ts: 63ms, application-code: 1064ms)
 GET /api/billing/me 200 in 1764ms (next.js: 317ms, proxy.ts: 49ms, application-code: 1398ms)
 GET /app/roadmap/ai-planning 200 in 85ms (next.js: 18ms, proxy.ts: 16ms, application-code: 51ms)
 GET /app/roadmap 200 in 73ms (next.js: 17ms, proxy.ts: 23ms, application-code: 33ms)
 GET /app/roadmap/focus-guard 200 in 81ms (next.js: 19ms, proxy.ts: 24ms, application-code: 38ms)
 GET /app/roadmap 200 in 56ms (next.js: 7ms, proxy.ts: 14ms, application-code: 35ms)
 GET /app/roadmap/template-marketplace 200 in 124ms (next.js: 23ms, proxy.ts: 22ms, application-code: 79ms)
 GET /app/roadmap 200 in 53ms (next.js: 8ms, proxy.ts: 10ms, application-code: 35ms)
 GET /app/roadmap/focus-guard 200 in 71ms (next.js: 19ms, proxy.ts: 10ms, application-code: 42ms)
 GET /app/roadmap/insights 200 in 72ms (next.js: 25ms, proxy.ts: 16ms, application-code: 32ms)
 GET /app/roadmap 200 in 49ms (next.js: 8ms, proxy.ts: 9ms, application-code: 32ms)
 GET /app/roadmap/accountability 200 in 65ms (next.js: 17ms, proxy.ts: 8ms, application-code: 39ms)
✓ Compiled in 228ms
 GET /app/roadmap/accountability 200 in 1423ms (next.js: 231ms, proxy.ts: 956ms, application-code: 237ms)
 GET /app/roadmap/accountability 200 in 113ms (next.js: 31ms, proxy.ts: 17ms, application-code: 65ms)
✓ Compiled in 203ms
 GET /app/roadmap/accountability 200 in 680ms (next.js: 168ms, proxy.ts: 302ms, application-code: 210ms)
✓ Compiled in 182ms
 GET /app/roadmap/accountability 200 in 567ms (next.js: 182ms, proxy.ts: 266ms, application-code: 118ms)
✓ Compiled in 182ms
 GET /app/roadmap/accountability 200 in 969ms (next.js: 127ms, proxy.ts: 737ms, application-code: 105ms)
✓ Compiled in 323ms
 GET /app/roadmap/accountability 200 in 617ms (next.js: 170ms, proxy.ts: 331ms, application-code: 117ms)
 GET /app/roadmap 200 in 302ms (next.js: 203ms, proxy.ts: 13ms, application-code: 85ms)
 GET /app/roadmap/ai-planning 200 in 75ms (next.js: 20ms, proxy.ts: 12ms, application-code: 43ms)
 GET /app/roadmap 200 in 57ms (next.js: 8ms, proxy.ts: 15ms, application-code: 35ms)
 GET /app/roadmap/focus-guard 200 in 93ms (next.js: 20ms, proxy.ts: 27ms, application-code: 47ms)
 GET /app/roadmap 200 in 62ms (next.js: 11ms, proxy.ts: 12ms, application-code: 39ms)
 GET /app/roadmap/template-marketplace 200 in 92ms (next.js: 18ms, proxy.ts: 23ms, application-code: 52ms)
✓ Compiled in 231ms
 GET /app/roadmap/template-marketplace 200 in 1703ms (next.js: 243ms, proxy.ts: 1035ms, application-code: 425ms)
 GET /app/roadmap/template-marketplace 200 in 282ms (next.js: 21ms, proxy.ts: 31ms, application-code: 230ms)
 GET /app/roadmap/template-marketplace 200 in 151ms (next.js: 18ms, proxy.ts: 18ms, application-code: 115ms)
✓ Compiled in 421ms
 GET /app/roadmap/template-marketplace 200 in 1104ms (next.js: 145ms, proxy.ts: 517ms, application-code: 442ms)
 GET /app/roadmap/template-marketplace 200 in 335ms (next.js: 36ms, proxy.ts: 18ms, application-code: 281ms)
 GET /app/roadmap/template-marketplace 200 in 227ms (next.js: 60ms, proxy.ts: 40ms, application-code: 127ms)
 GET /app/roadmap 200 in 293ms (next.js: 213ms, proxy.ts: 18ms, application-code: 63ms)
○ Compiling /app/admin/overview ...
[Sidebar] Render - side: left state: expanded openMobile: false
 GET /app 200 in 8.3s (next.js: 998ms, proxy.ts: 90ms, application-code: 7.2s)
 GET /api/admin/me 200 in 1708ms (next.js: 762ms, proxy.ts: 112ms, application-code: 834ms)
 GET /api/billing/me 200 in 1963ms (next.js: 937ms, proxy.ts: 219ms, application-code: 807ms)
 GET /api/plans 200 in 2.0s (next.js: 875ms, proxy.ts: 210ms, application-code: 959ms)
 GET /api/chats 200 in 2.2s (next.js: 1019ms, proxy.ts: 211ms, application-code: 931ms)
 GET /api/billing/me 200 in 2.2s (next.js: 1047ms, proxy.ts: 283ms, application-code: 877ms)
 GET /api/ai/usage-summary 200 in 2.2s (next.js: 745ms, proxy.ts: 644ms, application-code: 819ms)
 GET /app/admin/overview 200 in 791ms (next.js: 31ms, proxy.ts: 42ms, application-code: 718ms)
 GET /api/ai/usage-summary 200 in 792ms (next.js: 79ms, proxy.ts: 117ms, application-code: 595ms)
 GET /api/billing/me 200 in 920ms (next.js: 121ms, proxy.ts: 118ms, application-code: 681ms)
 GET /api/billing/me 200 in 1039ms (next.js: 62ms, proxy.ts: 115ms, application-code: 861ms)
 GET /api/billing/me 200 in 1042ms (next.js: 104ms, proxy.ts: 122ms, application-code: 817ms)
 GET /api/billing/me 200 in 1082ms (next.js: 51ms, proxy.ts: 112ms, application-code: 919ms)
 GET /api/admin/overview?range=last-7-days 200 in 1706ms (next.js: 1019ms, proxy.ts: 127ms, application-code: 560ms)
 GET /api/admin/overview?range=last-7-days 200 in 802ms (next.js: 186ms, proxy.ts: 18ms, application-code: 597ms)
 GET /api/ai/usage-summary 200 in 989ms (next.js: 10ms, proxy.ts: 17ms, application-code: 962ms)
○ Compiling /app/admin/billing ...
 GET /app/admin/billing 200 in 4.7s (next.js: 4.6s, proxy.ts: 19ms, application-code: 71ms)
 GET /api/admin/billing 200 in 609ms (next.js: 378ms, proxy.ts: 71ms, application-code: 159ms)
 GET /api/admin/billing 200 in 600ms (next.js: 380ms, proxy.ts: 66ms, application-code: 155ms)
